Component: ARM Compiler 5.06 update 3 (build 300) Tool: armlink [4d35c9]

==============================================================================

Section Cross References

    i2c.o(i._ZN3i2c8readByteEPh) refers to i2c.o(i._ZN3i2c8selectRXEv) for i2c::selectRX()
    i2c.o(i._ZN3i2c8readByteEPh) refers to i2c.o(i._ZN3i2c10clearIICIFEv) for i2c::clearIICIF()
    i2c.o(i._ZN3i2c8readByteEPh) refers to i2c.o(i._ZN3i2c8selectTXEv) for i2c::selectTX()
    i2c.o(i._ZN3i2c9writeByteEh) refers to i2c.o(i._ZN3i2c8selectTXEv) for i2c::selectTX()
    i2c.o(i._ZN3i2c9writeByteEh) refers to i2c.o(i._ZN3i2c10clearIICIFEv) for i2c::clearIICIF()
    i2c.o(.ARM.exidx) refers to i2c.o(i._ZN3i2cC1EP8I2C_Type) for i._ZN3i2cC1EP8I2C_Type
    i2c.o(.ARM.exidx) refers to i2c.o(i._ZN3i2c6enableEv) for i._ZN3i2c6enableEv
    i2c.o(.ARM.exidx) refers to i2c.o(i._ZN3i2c7disableEv) for i._ZN3i2c7disableEv
    i2c.o(.ARM.exidx) refers to i2c.o(i._ZN3i2c5startEv) for i._ZN3i2c5startEv
    i2c.o(.ARM.exidx) refers to i2c.o(i._ZN3i2c7restartEv) for i._ZN3i2c7restartEv
    i2c.o(.ARM.exidx) refers to i2c.o(i._ZN3i2c4stopEv) for i._ZN3i2c4stopEv
    i2c.o(.ARM.exidx) refers to i2c.o(i._ZN3i2c8selectTXEv) for i._ZN3i2c8selectTXEv
    i2c.o(.ARM.exidx) refers to i2c.o(i._ZN3i2c8selectRXEv) for i._ZN3i2c8selectRXEv
    i2c.o(.ARM.exidx) refers to i2c.o(i._ZN3i2c10clearIICIFEv) for i._ZN3i2c10clearIICIFEv
    i2c.o(.ARM.exidx) refers to i2c.o(i._ZN3i2c7sendACKEv) for i._ZN3i2c7sendACKEv
    i2c.o(.ARM.exidx) refers to i2c.o(i._ZN3i2c8sendNACKEv) for i._ZN3i2c8sendNACKEv
    i2c.o(.ARM.exidx) refers to i2c.o(i._ZN3i2c4initEv) for i._ZN3i2c4initEv
    i2c.o(.ARM.exidx) refers to i2c.o(i._ZN3i2c9writeByteEh) for i._ZN3i2c9writeByteEh
    i2c.o(.ARM.exidx) refers to i2c.o(i._ZN3i2c8readByteEPh) for i._ZN3i2c8readByteEPh
    i2c.o(.ARM.exidx) refers to i2c.o(i._ZN3i2c5isACKEv) for i._ZN3i2c5isACKEv
    main.o(i.main) refers to slcd.o(i._ZN4slcdC1Ev) for slcd::slcd()
    main.o(i.main) refers to slcd.o(i._ZN4slcd10InitializeEv) for slcd::Initialize()
    main.o(i.main) refers to mpu6050.o(i._ZN7MPU6050C1Ev) for MPU6050::MPU6050()
    main.o(i.main) refers to mpu6050.o(i._ZN7MPU60504InitEv) for MPU6050::Init()
    main.o(i.main) refers to mpu6050.o(i._ZN7MPU605013readRawAccelZEv) for MPU6050::readRawAccelZ()
    main.o(i.main) refers to slcd.o(i._ZN4slcd7DisplayEtt) for slcd::Display(unsigned short, unsigned short)
    main.o(.ARM.exidx) refers to main.o(i.main) for i.main
    main.o(.ARM.exidx) refers to main.o(i._Z7initLEDv) for i._Z7initLEDv
    main.o(.ARM.exidx) refers to main.o(i._Z6ledOnGv) for i._Z6ledOnGv
    main.o(.ARM.exidx) refers to main.o(i._Z6ledOnRv) for i._Z6ledOnRv
    mpu6050.o(i._ZN7MPU605011setRegisterEhh) refers to i2c.o(i._ZN3i2c6enableEv) for i2c::enable()
    mpu6050.o(i._ZN7MPU605011setRegisterEhh) refers to i2c.o(i._ZN3i2c5startEv) for i2c::start()
    mpu6050.o(i._ZN7MPU605011setRegisterEhh) refers to i2c.o(i._ZN3i2c9writeByteEh) for i2c::writeByte(unsigned char)
    mpu6050.o(i._ZN7MPU605011setRegisterEhh) refers to i2c.o(i._ZN3i2c4stopEv) for i2c::stop()
    mpu6050.o(i._ZN7MPU605011setRegisterEhh) refers to i2c.o(i._ZN3i2c7disableEv) for i2c::disable()
    mpu6050.o(i._ZN7MPU605013readRawAccelZEv) refers to mpu6050.o(i._ZN7MPU60506readHLEh) for MPU6050::readHL(unsigned char)
    mpu6050.o(i._ZN7MPU60504InitEv) refers to mpu6050.o(i._ZN7MPU605011setRegisterEhh) for MPU6050::setRegister(unsigned char, unsigned char)
    mpu6050.o(i._ZN7MPU60506readHLEh) refers to i2c.o(i._ZN3i2c6enableEv) for i2c::enable()
    mpu6050.o(i._ZN7MPU60506readHLEh) refers to i2c.o(i._ZN3i2c5startEv) for i2c::start()
    mpu6050.o(i._ZN7MPU60506readHLEh) refers to i2c.o(i._ZN3i2c9writeByteEh) for i2c::writeByte(unsigned char)
    mpu6050.o(i._ZN7MPU60506readHLEh) refers to i2c.o(i._ZN3i2c7restartEv) for i2c::restart()
    mpu6050.o(i._ZN7MPU60506readHLEh) refers to i2c.o(i._ZN3i2c7sendACKEv) for i2c::sendACK()
    mpu6050.o(i._ZN7MPU60506readHLEh) refers to i2c.o(i._ZN3i2c8readByteEPh) for i2c::readByte(unsigned char*)
    mpu6050.o(i._ZN7MPU60506readHLEh) refers to i2c.o(i._ZN3i2c8sendNACKEv) for i2c::sendNACK()
    mpu6050.o(i._ZN7MPU60506readHLEh) refers to i2c.o(i._ZN3i2c4stopEv) for i2c::stop()
    mpu6050.o(i._ZN7MPU60506readHLEh) refers to i2c.o(i._ZN3i2c7disableEv) for i2c::disable()
    mpu6050.o(i._ZN7MPU6050C1Ev) refers to i2c.o(i._ZN3i2cC1EP8I2C_Type) for i2c::i2c(I2C_Type*)
    mpu6050.o(i._ZN7MPU6050C1Ev) refers to i2c.o(i._ZN3i2c4initEv) for i2c::init()
    mpu6050.o(.ARM.exidx) refers to mpu6050.o(i._ZN7MPU6050C1Ev) for i._ZN7MPU6050C1Ev
    mpu6050.o(.ARM.exidx) refers to mpu6050.o(i._ZN7MPU60506readHLEh) for i._ZN7MPU60506readHLEh
    mpu6050.o(.ARM.exidx) refers to mpu6050.o(i._ZN7MPU605011setRegisterEhh) for i._ZN7MPU605011setRegisterEhh
    mpu6050.o(.ARM.exidx) refers to mpu6050.o(i._ZN7MPU60504InitEv) for i._ZN7MPU60504InitEv
    mpu6050.o(.ARM.exidx) refers to mpu6050.o(i._ZN7MPU605013readRawAccelZEv) for i._ZN7MPU605013readRawAccelZEv
    slcd.o(i._ZN4slcd3DotEh) refers to slcd.o(.constdata) for slcd::LCD_Front_Pin
    slcd.o(i._ZN4slcd3ErrEh) refers to slcd.o(i.__ARM_common_switch8) for __ARM_common_switch8
    slcd.o(i._ZN4slcd3ErrEh) refers to slcd.o(.constdata) for slcd::LCD_Front_Pin
    slcd.o(i._ZN4slcd3SetEhh) refers to slcd.o(i.__ARM_common_switch8) for __ARM_common_switch8
    slcd.o(i._ZN4slcd3SetEhh) refers to slcd.o(.constdata) for slcd::LCD_Front_Pin
    slcd.o(i._ZN4slcd3SetEhh) refers to slcd.o(i._ZN4slcd3ErrEh) for slcd::Err(unsigned char)
    slcd.o(i._ZN4slcd5ClearEv) refers to slcd.o(.constdata) for slcd::LCD_Front_Pin
    slcd.o(i._ZN4slcd7DisplayEtt) refers to aeabi_sdiv.o(.text) for __aeabi_idivmod
    slcd.o(i._ZN4slcd7DisplayEtt) refers to slcd.o(i._ZN4slcd3SetEhh) for slcd::Set(unsigned char, unsigned char)
    slcd.o(i._ZN4slcd7DotHideEh) refers to slcd.o(.constdata) for slcd::LCD_Front_Pin
    slcd.o(.ARM.exidx) refers to slcd.o(i._ZN4slcdC1Ev) for i._ZN4slcdC1Ev
    slcd.o(.ARM.exidx) refers to slcd.o(i._ZN4slcd3DotEh) for i._ZN4slcd3DotEh
    slcd.o(.ARM.exidx) refers to slcd.o(i._ZN4slcd7DotHideEh) for i._ZN4slcd7DotHideEh
    slcd.o(.ARM.exidx) refers to slcd.o(i._ZN4slcd10InitializeEv) for i._ZN4slcd10InitializeEv
    slcd.o(.ARM.exidx) refers to slcd.o(i._ZN4slcd3ErrEh) for i._ZN4slcd3ErrEh
    slcd.o(.ARM.exidx) refers to slcd.o(i._ZN4slcd3SetEhh) for i._ZN4slcd3SetEhh
    slcd.o(.ARM.exidx) refers to slcd.o(i._ZN4slcd7DisplayEtt) for i._ZN4slcd7DisplayEtt
    slcd.o(.ARM.exidx) refers to slcd.o(i._ZN4slcd5ClearEv) for i._ZN4slcd5ClearEv
    startup_mkl46z4.o(STACK) refers (Special) to heapauxi.o(.text) for __use_two_region_memory
    startup_mkl46z4.o(HEAP) refers (Special) to heapauxi.o(.text) for __use_two_region_memory
    startup_mkl46z4.o(RESET) refers (Special) to heapauxi.o(.text) for __use_two_region_memory
    startup_mkl46z4.o(RESET) refers to startup_mkl46z4.o(STACK) for __initial_sp
    startup_mkl46z4.o(RESET) refers to startup_mkl46z4.o(.text) for Reset_Handler
    startup_mkl46z4.o(.ARM.__at_0x400) refers (Special) to heapauxi.o(.text) for __use_two_region_memory
    startup_mkl46z4.o(.text) refers (Special) to heapauxi.o(.text) for __use_two_region_memory
    startup_mkl46z4.o(.text) refers to system_mkl46z4.o(i.SystemInit) for SystemInit
    startup_mkl46z4.o(.text) refers to __main.o(!!!main) for __main
    startup_mkl46z4.o(.text) refers to startup_mkl46z4.o(HEAP) for Heap_Mem
    startup_mkl46z4.o(.text) refers to startup_mkl46z4.o(STACK) for Stack_Mem
    system_mkl46z4.o(i.SystemCoreClockUpdate) refers to aeabi_sdiv.o(.text) for __aeabi_uidivmod
    system_mkl46z4.o(i.SystemCoreClockUpdate) refers to slcd.o(i.__ARM_common_switch8) for __ARM_common_switch8
    system_mkl46z4.o(i.SystemCoreClockUpdate) refers to system_mkl46z4.o(.data) for SystemCoreClock
    __main.o(!!!main) refers to __rtentry.o(.ARM.Collect$$rtentry$$00000000) for __rt_entry
    __rtentry.o(.ARM.Collect$$rtentry$$00000000) refers (Special) to __rtentry2.o(.ARM.Collect$$rtentry$$0000000A) for __rt_entry_li
    __rtentry.o(.ARM.Collect$$rtentry$$00000000) refers (Special) to __rtentry2.o(.ARM.Collect$$rtentry$$0000000D) for __rt_entry_main
    __rtentry.o(.ARM.Collect$$rtentry$$00000000) refers (Special) to __rtentry2.o(.ARM.Collect$$rtentry$$0000000C) for __rt_entry_postli_1
    __rtentry.o(.ARM.Collect$$rtentry$$00000000) refers (Special) to __rtentry2.o(.ARM.Collect$$rtentry$$00000009) for __rt_entry_postsh_1
    __rtentry.o(.ARM.Collect$$rtentry$$00000000) refers (Special) to __rtentry2.o(.ARM.Collect$$rtentry$$00000002) for __rt_entry_presh_1
    __rtentry.o(.ARM.Collect$$rtentry$$00000000) refers (Special) to __rtentry4.o(.ARM.Collect$$rtentry$$00000004) for __rt_entry_sh
    aeabi_idiv0_sigfpe.o(.text) refers to rt_div0.o(.text) for __rt_div0
    __rtentry2.o(.ARM.Collect$$rtentry$$00000008) refers to boardinit2.o(.text) for _platform_post_stackheap_init
    __rtentry2.o(.ARM.Collect$$rtentry$$0000000A) refers to libinit.o(.ARM.Collect$$libinit$$00000000) for __rt_lib_init
    __rtentry2.o(.ARM.Collect$$rtentry$$0000000B) refers to boardinit3.o(.text) for _platform_post_lib_init
    __rtentry2.o(.ARM.Collect$$rtentry$$0000000D) refers to main.o(i.main) for main
    __rtentry2.o(.ARM.Collect$$rtentry$$0000000D) refers to exit.o(.text) for exit
    __rtentry2.o(.ARM.exidx) refers to __rtentry2.o(.ARM.Collect$$rtentry$$00000001) for .ARM.Collect$$rtentry$$00000001
    __rtentry2.o(.ARM.exidx) refers to __rtentry2.o(.ARM.Collect$$rtentry$$00000008) for .ARM.Collect$$rtentry$$00000008
    __rtentry2.o(.ARM.exidx) refers to __rtentry2.o(.ARM.Collect$$rtentry$$0000000A) for .ARM.Collect$$rtentry$$0000000A
    __rtentry2.o(.ARM.exidx) refers to __rtentry2.o(.ARM.Collect$$rtentry$$0000000B) for .ARM.Collect$$rtentry$$0000000B
    __rtentry2.o(.ARM.exidx) refers to __rtentry2.o(.ARM.Collect$$rtentry$$0000000D) for .ARM.Collect$$rtentry$$0000000D
    __rtentry4.o(.ARM.Collect$$rtentry$$00000004) refers to sys_stackheap_outer.o(.text) for __user_setup_stackheap
    __rtentry4.o(.ARM.exidx) refers to __rtentry4.o(.ARM.Collect$$rtentry$$00000004) for .ARM.Collect$$rtentry$$00000004
    rt_div0.o(.text) refers to defsig_fpe_outer.o(.text) for __rt_SIGFPE
    sys_stackheap_outer.o(.text) refers to libspace.o(.text) for __user_perproc_libspace
    sys_stackheap_outer.o(.text) refers to startup_mkl46z4.o(.text) for __user_initial_stackheap
    sys_stackheap_outer.o(__vectab_stack_and_reset_area) refers to tempstk.o(.text) for __temporary_stack_top
    sys_stackheap_outer.o(__vectab_stack_and_reset_area) refers to __main.o(!!!main) for __main
    exit.o(.text) refers to rtexit.o(.ARM.Collect$$rtexit$$00000000) for __rt_exit
    defsig_fpe_outer.o(.text) refers to defsig_fpe_inner.o(.text) for __rt_SIGFPE_inner
    defsig_fpe_outer.o(.text) refers to defsig_exit.o(.text) for __sig_exit
    defsig_fpe_formal.o(.text) refers to rt_raise.o(.text) for __rt_raise
    libinit.o(.ARM.Collect$$libinit$$00000000) refers (Special) to libinit2.o(.ARM.Collect$$libinit$$0000002E) for __rt_lib_init_alloca_1
    libinit.o(.ARM.Collect$$libinit$$00000000) refers (Special) to libinit2.o(.ARM.Collect$$libinit$$0000002C) for __rt_lib_init_argv_1
    libinit.o(.ARM.Collect$$libinit$$00000000) refers (Special) to libinit2.o(.ARM.Collect$$libinit$$0000001B) for __rt_lib_init_atexit_1
    libinit.o(.ARM.Collect$$libinit$$00000000) refers (Special) to libinit2.o(.ARM.Collect$$libinit$$00000021) for __rt_lib_init_clock_1
    libinit.o(.ARM.Collect$$libinit$$00000000) refers (Special) to libinit2.o(.ARM.Collect$$libinit$$00000032) for __rt_lib_init_cpp_1
    libinit.o(.ARM.Collect$$libinit$$00000000) refers (Special) to libinit2.o(.ARM.Collect$$libinit$$00000030) for __rt_lib_init_exceptions_1
    libinit.o(.ARM.Collect$$libinit$$00000000) refers (Special) to libinit2.o(.ARM.Collect$$libinit$$00000002) for __rt_lib_init_fp_1
    libinit.o(.ARM.Collect$$libinit$$00000000) refers (Special) to libinit2.o(.ARM.Collect$$libinit$$0000001F) for __rt_lib_init_fp_trap_1
    libinit.o(.ARM.Collect$$libinit$$00000000) refers (Special) to libinit2.o(.ARM.Collect$$libinit$$00000023) for __rt_lib_init_getenv_1
    libinit.o(.ARM.Collect$$libinit$$00000000) refers (Special) to libinit2.o(.ARM.Collect$$libinit$$0000000A) for __rt_lib_init_heap_1
    libinit.o(.ARM.Collect$$libinit$$00000000) refers (Special) to libinit2.o(.ARM.Collect$$libinit$$00000011) for __rt_lib_init_lc_collate_1
    libinit.o(.ARM.Collect$$libinit$$00000000) refers (Special) to libinit2.o(.ARM.Collect$$libinit$$00000013) for __rt_lib_init_lc_ctype_1
    libinit.o(.ARM.Collect$$libinit$$00000000) refers (Special) to libinit2.o(.ARM.Collect$$libinit$$00000015) for __rt_lib_init_lc_monetary_1
    libinit.o(.ARM.Collect$$libinit$$00000000) refers (Special) to libinit2.o(.ARM.Collect$$libinit$$00000017) for __rt_lib_init_lc_numeric_1
    libinit.o(.ARM.Collect$$libinit$$00000000) refers (Special) to libinit2.o(.ARM.Collect$$libinit$$00000019) for __rt_lib_init_lc_time_1
    libinit.o(.ARM.Collect$$libinit$$00000000) refers (Special) to libinit2.o(.ARM.Collect$$libinit$$00000004) for __rt_lib_init_preinit_1
    libinit.o(.ARM.Collect$$libinit$$00000000) refers (Special) to libinit2.o(.ARM.Collect$$libinit$$0000000E) for __rt_lib_init_rand_1
    libinit.o(.ARM.Collect$$libinit$$00000000) refers (Special) to libinit2.o(.ARM.Collect$$libinit$$00000033) for __rt_lib_init_return
    libinit.o(.ARM.Collect$$libinit$$00000000) refers (Special) to libinit2.o(.ARM.Collect$$libinit$$0000001D) for __rt_lib_init_signal_1
    libinit.o(.ARM.Collect$$libinit$$00000000) refers (Special) to libinit2.o(.ARM.Collect$$libinit$$00000025) for __rt_lib_init_stdio_1
    libinit.o(.ARM.Collect$$libinit$$00000000) refers (Special) to libinit2.o(.ARM.Collect$$libinit$$0000000C) for __rt_lib_init_user_alloc_1
    libspace.o(.text) refers to libspace.o(.bss) for __libspace_start
    rtexit.o(.ARM.Collect$$rtexit$$00000000) refers (Special) to rtexit2.o(.ARM.Collect$$rtexit$$00000004) for __rt_exit_exit
    rtexit.o(.ARM.Collect$$rtexit$$00000000) refers (Special) to rtexit2.o(.ARM.Collect$$rtexit$$00000003) for __rt_exit_ls
    rtexit.o(.ARM.Collect$$rtexit$$00000000) refers (Special) to rtexit2.o(.ARM.Collect$$rtexit$$00000002) for __rt_exit_prels_1
    rtexit.o(.ARM.exidx) refers (Special) to rtexit2.o(.ARM.Collect$$rtexit$$00000004) for __rt_exit_exit
    rtexit.o(.ARM.exidx) refers (Special) to rtexit2.o(.ARM.Collect$$rtexit$$00000003) for __rt_exit_ls
    rtexit.o(.ARM.exidx) refers (Special) to rtexit2.o(.ARM.Collect$$rtexit$$00000002) for __rt_exit_prels_1
    rtexit.o(.ARM.exidx) refers to rtexit.o(.ARM.Collect$$rtexit$$00000000) for .ARM.Collect$$rtexit$$00000000
    rt_raise.o(.text) refers to __raise.o(.text) for __raise
    rt_raise.o(.text) refers to sys_exit.o(.text) for _sys_exit
    defsig_exit.o(.text) refers to sys_exit.o(.text) for _sys_exit
    defsig_fpe_inner.o(.text) refers to defsig_general.o(.text) for __default_signal_display
    libinit2.o(.ARM.Collect$$libinit$$00000010) refers to libinit2.o(.ARM.Collect$$libinit$$0000000F) for .ARM.Collect$$libinit$$0000000F
    libinit2.o(.ARM.Collect$$libinit$$00000012) refers to libinit2.o(.ARM.Collect$$libinit$$0000000F) for .ARM.Collect$$libinit$$0000000F
    libinit2.o(.ARM.Collect$$libinit$$00000014) refers to libinit2.o(.ARM.Collect$$libinit$$0000000F) for .ARM.Collect$$libinit$$0000000F
    libinit2.o(.ARM.Collect$$libinit$$00000016) refers to libinit2.o(.ARM.Collect$$libinit$$0000000F) for .ARM.Collect$$libinit$$0000000F
    libinit2.o(.ARM.Collect$$libinit$$00000018) refers to libinit2.o(.ARM.Collect$$libinit$$0000000F) for .ARM.Collect$$libinit$$0000000F
    libinit2.o(.ARM.Collect$$libinit$$00000026) refers to argv_veneer.o(.text) for __ARM_argv_veneer
    libinit2.o(.ARM.Collect$$libinit$$00000027) refers to argv_veneer.o(.text) for __ARM_argv_veneer
    sys_exit.o(.text) refers (Special) to use_no_semi.o(.text) for __I$use$semihosting
    sys_exit.o(.text) refers (Special) to indicate_semi.o(.text) for __semihosting_library_function
    rtexit2.o(.ARM.Collect$$rtexit$$00000003) refers to libshutdown.o(.ARM.Collect$$libshutdown$$00000000) for __rt_lib_shutdown
    rtexit2.o(.ARM.Collect$$rtexit$$00000004) refers to sys_exit.o(.text) for _sys_exit
    rtexit2.o(.ARM.exidx) refers to rtexit2.o(.ARM.Collect$$rtexit$$00000001) for .ARM.Collect$$rtexit$$00000001
    rtexit2.o(.ARM.exidx) refers to rtexit2.o(.ARM.Collect$$rtexit$$00000003) for .ARM.Collect$$rtexit$$00000003
    rtexit2.o(.ARM.exidx) refers to rtexit2.o(.ARM.Collect$$rtexit$$00000004) for .ARM.Collect$$rtexit$$00000004
    __raise.o(.text) refers to defsig.o(CL$$defsig) for __default_signal_handler
    defsig_general.o(.text) refers to sys_wrch.o(.text) for _ttywrch
    sys_wrch.o(.text) refers (Special) to use_no_semi.o(.text) for __I$use$semihosting
    sys_wrch.o(.text) refers (Special) to indicate_semi.o(.text) for __semihosting_library_function
    defsig.o(CL$$defsig) refers to defsig_fpe_inner.o(.text) for __rt_SIGFPE_inner
    defsig.o(CL$$defsig) refers to defsig_rtmem_inner.o(.text) for __rt_SIGRTMEM_inner
    _get_argv_nomalloc.o(.text) refers (Special) to hrguard.o(.text) for __heap_region$guard
    _get_argv_nomalloc.o(.text) refers to defsig_rtmem_outer.o(.text) for __rt_SIGRTMEM
    _get_argv_nomalloc.o(.text) refers to sys_command.o(.text) for _sys_command_string
    libshutdown.o(.ARM.Collect$$libshutdown$$00000000) refers (Special) to libshutdown2.o(.ARM.Collect$$libshutdown$$00000002) for __rt_lib_shutdown_cpp_1
    libshutdown.o(.ARM.Collect$$libshutdown$$00000000) refers (Special) to libshutdown2.o(.ARM.Collect$$libshutdown$$00000007) for __rt_lib_shutdown_fp_trap_1
    libshutdown.o(.ARM.Collect$$libshutdown$$00000000) refers (Special) to libshutdown2.o(.ARM.Collect$$libshutdown$$0000000F) for __rt_lib_shutdown_heap_1
    libshutdown.o(.ARM.Collect$$libshutdown$$00000000) refers (Special) to libshutdown2.o(.ARM.Collect$$libshutdown$$00000010) for __rt_lib_shutdown_return
    libshutdown.o(.ARM.Collect$$libshutdown$$00000000) refers (Special) to libshutdown2.o(.ARM.Collect$$libshutdown$$0000000A) for __rt_lib_shutdown_signal_1
    libshutdown.o(.ARM.Collect$$libshutdown$$00000000) refers (Special) to libshutdown2.o(.ARM.Collect$$libshutdown$$00000004) for __rt_lib_shutdown_stdio_1
    libshutdown.o(.ARM.Collect$$libshutdown$$00000000) refers (Special) to libshutdown2.o(.ARM.Collect$$libshutdown$$0000000C) for __rt_lib_shutdown_user_alloc_1
    sys_command.o(.text) refers (Special) to use_no_semi.o(.text) for __I$use$semihosting
    sys_command.o(.text) refers (Special) to indicate_semi.o(.text) for __semihosting_library_function
    defsig_abrt_inner.o(.text) refers to defsig_general.o(.text) for __default_signal_display
    defsig_rtred_inner.o(.text) refers to defsig_general.o(.text) for __default_signal_display
    defsig_rtmem_inner.o(.text) refers to defsig_general.o(.text) for __default_signal_display
    defsig_rtmem_outer.o(.text) refers to defsig_rtmem_inner.o(.text) for __rt_SIGRTMEM_inner
    defsig_rtmem_outer.o(.text) refers to defsig_exit.o(.text) for __sig_exit
    defsig_rtmem_formal.o(.text) refers to rt_raise.o(.text) for __rt_raise
    defsig_stak_inner.o(.text) refers to defsig_general.o(.text) for __default_signal_display
    defsig_pvfn_inner.o(.text) refers to defsig_general.o(.text) for __default_signal_display
    defsig_cppl_inner.o(.text) refers to defsig_general.o(.text) for __default_signal_display
    defsig_segv_inner.o(.text) refers to defsig_general.o(.text) for __default_signal_display
    defsig_other.o(.text) refers to defsig_general.o(.text) for __default_signal_display
    slcd.o(.ARM.exidx) refers to slcd.o(i.__ARM_common_switch8) for i.__ARM_common_switch8


==============================================================================

Removing Unused input sections from the image.

    Removing i2c.o(.rev16_text), (4 bytes).
    Removing i2c.o(.revsh_text), (4 bytes).
    Removing i2c.o(i._ZN3i2c5isACKEv), (16 bytes).
    Removing i2c.o(.ARM.exidx), (8 bytes).
    Removing i2c.o(.ARM.exidx), (8 bytes).
    Removing i2c.o(.ARM.exidx), (8 bytes).
    Removing i2c.o(.ARM.exidx), (8 bytes).
    Removing i2c.o(.ARM.exidx), (8 bytes).
    Removing i2c.o(.ARM.exidx), (8 bytes).
    Removing i2c.o(.ARM.exidx), (8 bytes).
    Removing i2c.o(.ARM.exidx), (8 bytes).
    Removing i2c.o(.ARM.exidx), (8 bytes).
    Removing i2c.o(.ARM.exidx), (8 bytes).
    Removing i2c.o(.ARM.exidx), (8 bytes).
    Removing i2c.o(.ARM.exidx), (8 bytes).
    Removing i2c.o(.ARM.exidx), (8 bytes).
    Removing i2c.o(.ARM.exidx), (8 bytes).
    Removing i2c.o(.ARM.exidx), (8 bytes).
    Removing main.o(.rev16_text), (4 bytes).
    Removing main.o(.revsh_text), (4 bytes).
    Removing main.o(i._Z6ledOnGv), (20 bytes).
    Removing main.o(i._Z6ledOnRv), (20 bytes).
    Removing main.o(i._Z7initLEDv), (100 bytes).
    Removing main.o(.ARM.exidx), (8 bytes).
    Removing main.o(.ARM.exidx), (8 bytes).
    Removing main.o(.ARM.exidx), (8 bytes).
    Removing main.o(.ARM.exidx), (8 bytes).
    Removing main.o(.data), (8 bytes).
    Removing mpu6050.o(.rev16_text), (4 bytes).
    Removing mpu6050.o(.revsh_text), (4 bytes).
    Removing mpu6050.o(.ARM.exidx), (8 bytes).
    Removing mpu6050.o(.ARM.exidx), (8 bytes).
    Removing mpu6050.o(.ARM.exidx), (8 bytes).
    Removing mpu6050.o(.ARM.exidx), (8 bytes).
    Removing mpu6050.o(.ARM.exidx), (8 bytes).
    Removing slcd.o(.rev16_text), (4 bytes).
    Removing slcd.o(.revsh_text), (4 bytes).
    Removing slcd.o(i._ZN4slcd3DotEh), (40 bytes).
    Removing slcd.o(i._ZN4slcd5ClearEv), (40 bytes).
    Removing slcd.o(i._ZN4slcd7DotHideEh), (40 bytes).
    Removing slcd.o(.ARM.exidx), (8 bytes).
    Removing slcd.o(.ARM.exidx), (8 bytes).
    Removing slcd.o(.ARM.exidx), (8 bytes).
    Removing slcd.o(.ARM.exidx), (8 bytes).
    Removing slcd.o(.ARM.exidx), (8 bytes).
    Removing slcd.o(.ARM.exidx), (8 bytes).
    Removing slcd.o(.ARM.exidx), (8 bytes).
    Removing slcd.o(.ARM.exidx), (8 bytes).
    Removing system_mkl46z4.o(.rev16_text), (4 bytes).
    Removing system_mkl46z4.o(.revsh_text), (4 bytes).
    Removing system_mkl46z4.o(i.SystemCoreClockUpdate), (348 bytes).
    Removing system_mkl46z4.o(.data), (4 bytes).
    Removing slcd.o(.ARM.exidx), (8 bytes).

53 unused section(s) (total 940 bytes) removed from the image.

==============================================================================

Image Symbol Table

    Local Symbols

    Symbol Name                              Value     Ov Type        Size  Object(Section)

    RESET                                    0x00000000   Section      192  startup_mkl46z4.o(RESET)
    ../clib/angel/boardlib.s                 0x00000000   Number         0  boardinit2.o ABSOLUTE
    ../clib/angel/boardlib.s                 0x00000000   Number         0  boardinit3.o ABSOLUTE
    ../clib/angel/boardlib.s                 0x00000000   Number         0  boardinit1.o ABSOLUTE
    ../clib/angel/boardlib.s                 0x00000000   Number         0  boardshut.o ABSOLUTE
    ../clib/angel/handlers.s                 0x00000000   Number         0  __scatter_zi.o ABSOLUTE
    ../clib/angel/kernel.s                   0x00000000   Number         0  rtexit.o ABSOLUTE
    ../clib/angel/kernel.s                   0x00000000   Number         0  __rtentry4.o ABSOLUTE
    ../clib/angel/kernel.s                   0x00000000   Number         0  rtexit2.o ABSOLUTE
    ../clib/angel/kernel.s                   0x00000000   Number         0  __rtentry2.o ABSOLUTE
    ../clib/angel/kernel.s                   0x00000000   Number         0  __rtentry.o ABSOLUTE
    ../clib/angel/rt.s                       0x00000000   Number         0  rt_div0.o ABSOLUTE
    ../clib/angel/rt.s                       0x00000000   Number         0  rt_raise.o ABSOLUTE
    ../clib/angel/rt.s                       0x00000000   Number         0  aeabi_idiv0_sigfpe.o ABSOLUTE
    ../clib/angel/rt.s                       0x00000000   Number         0  aeabi_idiv0.o ABSOLUTE
    ../clib/angel/scatterp.s                 0x00000000   Number         0  __scatter.o ABSOLUTE
    ../clib/angel/startup.s                  0x00000000   Number         0  __main.o ABSOLUTE
    ../clib/angel/sys.s                      0x00000000   Number         0  libspace.o ABSOLUTE
    ../clib/angel/sys.s                      0x00000000   Number         0  indicate_semi.o ABSOLUTE
    ../clib/angel/sys.s                      0x00000000   Number         0  use_no_semi.o ABSOLUTE
    ../clib/angel/sys.s                      0x00000000   Number         0  sys_stackheap_outer.o ABSOLUTE
    ../clib/angel/sys.s                      0x00000000   Number         0  tempstk.o ABSOLUTE
    ../clib/angel/sysapp.c                   0x00000000   Number         0  sys_wrch.o ABSOLUTE
    ../clib/angel/sysapp.c                   0x00000000   Number         0  sys_exit.o ABSOLUTE
    ../clib/angel/sysapp.c                   0x00000000   Number         0  sys_command.o ABSOLUTE
    ../clib/armsys.c                         0x00000000   Number         0  _get_argv_nomalloc.o ABSOLUTE
    ../clib/armsys.c                         0x00000000   Number         0  argv_veneer.o ABSOLUTE
    ../clib/armsys.c                         0x00000000   Number         0  no_argv.o ABSOLUTE
    ../clib/division.s                       0x00000000   Number         0  aeabi_sdiv_div0.o ABSOLUTE
    ../clib/division.s                       0x00000000   Number         0  aeabi_sdiv.o ABSOLUTE
    ../clib/heapalloc.c                      0x00000000   Number         0  hrguard.o ABSOLUTE
    ../clib/heapaux.c                        0x00000000   Number         0  heapauxi.o ABSOLUTE
    ../clib/libinit.s                        0x00000000   Number         0  libinit2.o ABSOLUTE
    ../clib/libinit.s                        0x00000000   Number         0  libshutdown.o ABSOLUTE
    ../clib/libinit.s                        0x00000000   Number         0  libshutdown2.o ABSOLUTE
    ../clib/libinit.s                        0x00000000   Number         0  libinit.o ABSOLUTE
    ../clib/signal.c                         0x00000000   Number         0  defsig_rtmem_outer.o ABSOLUTE
    ../clib/signal.c                         0x00000000   Number         0  defsig_rtmem_formal.o ABSOLUTE
    ../clib/signal.c                         0x00000000   Number         0  defsig_stak_inner.o ABSOLUTE
    ../clib/signal.c                         0x00000000   Number         0  defsig_pvfn_inner.o ABSOLUTE
    ../clib/signal.c                         0x00000000   Number         0  defsig_cppl_inner.o ABSOLUTE
    ../clib/signal.c                         0x00000000   Number         0  defsig_segv_inner.o ABSOLUTE
    ../clib/signal.c                         0x00000000   Number         0  defsig_other.o ABSOLUTE
    ../clib/signal.c                         0x00000000   Number         0  defsig_fpe_outer.o ABSOLUTE
    ../clib/signal.c                         0x00000000   Number         0  defsig_fpe_formal.o ABSOLUTE
    ../clib/signal.c                         0x00000000   Number         0  defsig_rtmem_inner.o ABSOLUTE
    ../clib/signal.c                         0x00000000   Number         0  defsig_exit.o ABSOLUTE
    ../clib/signal.c                         0x00000000   Number         0  defsig_fpe_inner.o ABSOLUTE
    ../clib/signal.c                         0x00000000   Number         0  __raise.o ABSOLUTE
    ../clib/signal.c                         0x00000000   Number         0  defsig_general.o ABSOLUTE
    ../clib/signal.c                         0x00000000   Number         0  defsig_abrt_inner.o ABSOLUTE
    ../clib/signal.c                         0x00000000   Number         0  defsig_rtred_inner.o ABSOLUTE
    ../clib/signal.s                         0x00000000   Number         0  defsig.o ABSOLUTE
    ../clib/stdlib.c                         0x00000000   Number         0  exit.o ABSOLUTE
    ../fplib/cfplib/fpinit.c                 0x00000000   Number         0  fpinit.o ABSOLUTE
    MPU6050.cpp                              0x00000000   Number         0  mpu6050.o ABSOLUTE
    MPU6050.cpp                              0x00000000   Number         0  mpu6050.o ABSOLUTE
    RTE\Device\MKL46Z256xxx4\startup_MKL46Z4.s 0x00000000   Number         0  startup_mkl46z4.o ABSOLUTE
    RTE\Device\MKL46Z256xxx4\system_MKL46Z4.c 0x00000000   Number         0  system_mkl46z4.o ABSOLUTE
    RTE\\Device\\MKL46Z256xxx4\\system_MKL46Z4.c 0x00000000   Number         0  system_mkl46z4.o ABSOLUTE
    dc.s                                     0x00000000   Number         0  dc.o ABSOLUTE
    i2c.cpp                                  0x00000000   Number         0  i2c.o ABSOLUTE
    i2c.cpp                                  0x00000000   Number         0  i2c.o ABSOLUTE
    main.cpp                                 0x00000000   Number         0  main.o ABSOLUTE
    main.cpp                                 0x00000000   Number         0  main.o ABSOLUTE
    slcd.cpp                                 0x00000000   Number         0  slcd.o ABSOLUTE
    slcd.cpp                                 0x00000000   Number         0  slcd.o ABSOLUTE
    !!!main                                  0x000000c0   Section        8  __main.o(!!!main)
    !!!scatter                               0x000000c8   Section       60  __scatter.o(!!!scatter)
    !!handler_zi                             0x00000104   Section       28  __scatter_zi.o(!!handler_zi)
    .ARM.Collect$$libinit$$00000000          0x00000120   Section        2  libinit.o(.ARM.Collect$$libinit$$00000000)
    .ARM.Collect$$libinit$$00000002          0x00000122   Section        0  libinit2.o(.ARM.Collect$$libinit$$00000002)
    .ARM.Collect$$libinit$$00000004          0x00000122   Section        0  libinit2.o(.ARM.Collect$$libinit$$00000004)
    .ARM.Collect$$libinit$$0000000A          0x00000122   Section        0  libinit2.o(.ARM.Collect$$libinit$$0000000A)
    .ARM.Collect$$libinit$$0000000C          0x00000122   Section        0  libinit2.o(.ARM.Collect$$libinit$$0000000C)
    .ARM.Collect$$libinit$$0000000E          0x00000122   Section        0  libinit2.o(.ARM.Collect$$libinit$$0000000E)
    .ARM.Collect$$libinit$$00000011          0x00000122   Section        0  libinit2.o(.ARM.Collect$$libinit$$00000011)
    .ARM.Collect$$libinit$$00000013          0x00000122   Section        0  libinit2.o(.ARM.Collect$$libinit$$00000013)
    .ARM.Collect$$libinit$$00000015          0x00000122   Section        0  libinit2.o(.ARM.Collect$$libinit$$00000015)
    .ARM.Collect$$libinit$$00000017          0x00000122   Section        0  libinit2.o(.ARM.Collect$$libinit$$00000017)
    .ARM.Collect$$libinit$$00000019          0x00000122   Section        0  libinit2.o(.ARM.Collect$$libinit$$00000019)
    .ARM.Collect$$libinit$$0000001B          0x00000122   Section        0  libinit2.o(.ARM.Collect$$libinit$$0000001B)
    .ARM.Collect$$libinit$$0000001D          0x00000122   Section        0  libinit2.o(.ARM.Collect$$libinit$$0000001D)
    .ARM.Collect$$libinit$$0000001F          0x00000122   Section        0  libinit2.o(.ARM.Collect$$libinit$$0000001F)
    .ARM.Collect$$libinit$$00000021          0x00000122   Section        0  libinit2.o(.ARM.Collect$$libinit$$00000021)
    .ARM.Collect$$libinit$$00000023          0x00000122   Section        0  libinit2.o(.ARM.Collect$$libinit$$00000023)
    .ARM.Collect$$libinit$$00000025          0x00000122   Section        0  libinit2.o(.ARM.Collect$$libinit$$00000025)
    .ARM.Collect$$libinit$$0000002C          0x00000122   Section        0  libinit2.o(.ARM.Collect$$libinit$$0000002C)
    .ARM.Collect$$libinit$$0000002E          0x00000122   Section        0  libinit2.o(.ARM.Collect$$libinit$$0000002E)
    .ARM.Collect$$libinit$$00000030          0x00000122   Section        0  libinit2.o(.ARM.Collect$$libinit$$00000030)
    .ARM.Collect$$libinit$$00000032          0x00000122   Section        0  libinit2.o(.ARM.Collect$$libinit$$00000032)
    .ARM.Collect$$libinit$$00000033          0x00000122   Section        2  libinit2.o(.ARM.Collect$$libinit$$00000033)
    .ARM.Collect$$libshutdown$$00000000      0x00000124   Section        2  libshutdown.o(.ARM.Collect$$libshutdown$$00000000)
    .ARM.Collect$$libshutdown$$00000002      0x00000126   Section        0  libshutdown2.o(.ARM.Collect$$libshutdown$$00000002)
    .ARM.Collect$$libshutdown$$00000004      0x00000126   Section        0  libshutdown2.o(.ARM.Collect$$libshutdown$$00000004)
    .ARM.Collect$$libshutdown$$00000007      0x00000126   Section        0  libshutdown2.o(.ARM.Collect$$libshutdown$$00000007)
    .ARM.Collect$$libshutdown$$0000000A      0x00000126   Section        0  libshutdown2.o(.ARM.Collect$$libshutdown$$0000000A)
    .ARM.Collect$$libshutdown$$0000000C      0x00000126   Section        0  libshutdown2.o(.ARM.Collect$$libshutdown$$0000000C)
    .ARM.Collect$$libshutdown$$0000000F      0x00000126   Section        0  libshutdown2.o(.ARM.Collect$$libshutdown$$0000000F)
    .ARM.Collect$$libshutdown$$00000010      0x00000126   Section        2  libshutdown2.o(.ARM.Collect$$libshutdown$$00000010)
    .ARM.Collect$$rtentry$$00000000          0x00000128   Section        0  __rtentry.o(.ARM.Collect$$rtentry$$00000000)
    .ARM.Collect$$rtentry$$00000002          0x00000128   Section        0  __rtentry2.o(.ARM.Collect$$rtentry$$00000002)
    .ARM.Collect$$rtentry$$00000004          0x00000128   Section        6  __rtentry4.o(.ARM.Collect$$rtentry$$00000004)
    .ARM.Collect$$rtentry$$00000009          0x0000012e   Section        0  __rtentry2.o(.ARM.Collect$$rtentry$$00000009)
    .ARM.Collect$$rtentry$$0000000A          0x0000012e   Section        4  __rtentry2.o(.ARM.Collect$$rtentry$$0000000A)
    .ARM.Collect$$rtentry$$0000000C          0x00000132   Section        0  __rtentry2.o(.ARM.Collect$$rtentry$$0000000C)
    .ARM.Collect$$rtentry$$0000000D          0x00000132   Section        8  __rtentry2.o(.ARM.Collect$$rtentry$$0000000D)
    .ARM.Collect$$rtexit$$00000000           0x0000013a   Section        2  rtexit.o(.ARM.Collect$$rtexit$$00000000)
    .ARM.Collect$$rtexit$$00000002           0x0000013c   Section        0  rtexit2.o(.ARM.Collect$$rtexit$$00000002)
    .ARM.Collect$$rtexit$$00000003           0x0000013c   Section        4  rtexit2.o(.ARM.Collect$$rtexit$$00000003)
    .ARM.Collect$$rtexit$$00000004           0x00000140   Section        6  rtexit2.o(.ARM.Collect$$rtexit$$00000004)
    .text                                    0x00000148   Section       52  startup_mkl46z4.o(.text)
    .text                                    0x0000017c   Section      346  aeabi_sdiv.o(.text)
    .text                                    0x000002d6   Section        0  heapauxi.o(.text)
    .text                                    0x000002dc   Section       62  sys_stackheap_outer.o(.text)
    .text                                    0x0000031a   Section        0  exit.o(.text)
    .text                                    0x0000032c   Section        8  libspace.o(.text)
    .text                                    0x00000334   Section        0  sys_exit.o(.text)
    .text                                    0x00000340   Section        2  use_no_semi.o(.text)
    .text                                    0x00000342   Section        0  indicate_semi.o(.text)
    i._ZN3i2c10clearIICIFEv                  0x00000342   Section        0  i2c.o(i._ZN3i2c10clearIICIFEv)
    i._ZN3i2c4initEv                         0x00000350   Section        0  i2c.o(i._ZN3i2c4initEv)
    i._ZN3i2c5startEv                        0x000003d0   Section        0  i2c.o(i._ZN3i2c5startEv)
    i._ZN3i2c6enableEv                       0x000003de   Section        0  i2c.o(i._ZN3i2c6enableEv)
    i._ZN3i2c7disableEv                      0x000003ec   Section        0  i2c.o(i._ZN3i2c7disableEv)
    i._ZN3i2cC1EP8I2C_Type                   0x000003fa   Section        0  i2c.o(i._ZN3i2cC1EP8I2C_Type)
    i._ZN4slcdC1Ev                           0x000003fe   Section        0  slcd.o(i._ZN4slcdC1Ev)
    .ARM.__at_0x400                          0x00000400   Section       16  startup_mkl46z4.o(.ARM.__at_0x400)
    i.SystemInit                             0x00000410   Section        0  system_mkl46z4.o(i.SystemInit)
    i._ZN3i2c4stopEv                         0x000004e0   Section        0  i2c.o(i._ZN3i2c4stopEv)
    i._ZN3i2c7restartEv                      0x00000514   Section        0  i2c.o(i._ZN3i2c7restartEv)
    i._ZN3i2c7sendACKEv                      0x00000522   Section        0  i2c.o(i._ZN3i2c7sendACKEv)
    i._ZN3i2c8readByteEPh                    0x00000530   Section        0  i2c.o(i._ZN3i2c8readByteEPh)
    i._ZN3i2c8selectRXEv                     0x00000564   Section        0  i2c.o(i._ZN3i2c8selectRXEv)
    i._ZN3i2c8selectTXEv                     0x00000572   Section        0  i2c.o(i._ZN3i2c8selectTXEv)
    i._ZN3i2c8sendNACKEv                     0x00000580   Section        0  i2c.o(i._ZN3i2c8sendNACKEv)
    i._ZN3i2c9writeByteEh                    0x0000058e   Section        0  i2c.o(i._ZN3i2c9writeByteEh)
    i._ZN4slcd10InitializeEv                 0x000005b4   Section        0  slcd.o(i._ZN4slcd10InitializeEv)
    i._ZN4slcd3ErrEh                         0x00000680   Section        0  slcd.o(i._ZN4slcd3ErrEh)
    i._ZN4slcd3SetEhh                        0x00000740   Section        0  slcd.o(i._ZN4slcd3SetEhh)
    i._ZN4slcd7DisplayEtt                    0x00000b56   Section        0  slcd.o(i._ZN4slcd7DisplayEtt)
    i._ZN7MPU605011setRegisterEhh            0x00000bd4   Section        0  mpu6050.o(i._ZN7MPU605011setRegisterEhh)
    i._ZN7MPU605013readRawAccelZEv           0x00000c0e   Section        0  mpu6050.o(i._ZN7MPU605013readRawAccelZEv)
    i._ZN7MPU60504InitEv                     0x00000c1e   Section        0  mpu6050.o(i._ZN7MPU60504InitEv)
    i._ZN7MPU60506readHLEh                   0x00000c2e   Section        0  mpu6050.o(i._ZN7MPU60506readHLEh)
    i._ZN7MPU6050C1Ev                        0x00000c94   Section        0  mpu6050.o(i._ZN7MPU6050C1Ev)
    i.__ARM_common_switch8                   0x00000cb0   Section        0  slcd.o(i.__ARM_common_switch8)
    i.main                                   0x00000ccc   Section        0  main.o(i.main)
    .constdata                               0x00000d12   Section        8  slcd.o(.constdata)
    .bss                                     0x1fffe000   Section       96  libspace.o(.bss)
    HEAP                                     0x1fffe060   Section        0  startup_mkl46z4.o(HEAP)
    STACK                                    0x1fffe060   Section      256  startup_mkl46z4.o(STACK)
    Heap_Mem                                 0x1fffe060   Data           0  startup_mkl46z4.o(HEAP)
    Stack_Mem                                0x1fffe060   Data         256  startup_mkl46z4.o(STACK)
    __initial_sp                             0x1fffe160   Data           0  startup_mkl46z4.o(STACK)

    Global Symbols

    Symbol Name                              Value     Ov Type        Size  Object(Section)

    BuildAttributes$$THM_ISAv3M$S$PE$A:L22$X:L11$S22$IEEE1$IW$USESV6$~STKCKD$USESV7$~SHL$OSPACE$ROPI$EBA8$UX$STANDARDLIB$REQ8$PRES8$EABIv2 0x00000000   Number         0  anon$$obj.o ABSOLUTE
    __ARM_use_no_argv                        0x00000000   Number         0  main.o ABSOLUTE
    __Vectors                                0x00000000   Data           4  startup_mkl46z4.o(RESET)
    __ARM_exceptions_init                     - Undefined Weak Reference
    __alloca_initialize                       - Undefined Weak Reference
    __arm_preinit_                            - Undefined Weak Reference
    __cpp_initialize__aeabi_                  - Undefined Weak Reference
    __cxa_finalize                            - Undefined Weak Reference
    __rt_locale                               - Undefined Weak Reference
    __sigvec_lookup                           - Undefined Weak Reference
    _atexit_init                              - Undefined Weak Reference
    _call_atexit_fns                          - Undefined Weak Reference
    _clock_init                               - Undefined Weak Reference
    _fp_trap_init                             - Undefined Weak Reference
    _fp_trap_shutdown                         - Undefined Weak Reference
    _get_lc_collate                           - Undefined Weak Reference
    _get_lc_ctype                             - Undefined Weak Reference
    _get_lc_monetary                          - Undefined Weak Reference
    _get_lc_numeric                           - Undefined Weak Reference
    _get_lc_time                              - Undefined Weak Reference
    _getenv_init                              - Undefined Weak Reference
    _handle_redirection                       - Undefined Weak Reference
    _init_alloc                               - Undefined Weak Reference
    _init_user_alloc                          - Undefined Weak Reference
    _initio                                   - Undefined Weak Reference
    _rand_init                                - Undefined Weak Reference
    _signal_finish                            - Undefined Weak Reference
    _signal_init                              - Undefined Weak Reference
    _terminate_alloc                          - Undefined Weak Reference
    _terminate_user_alloc                     - Undefined Weak Reference
    _terminateio                              - Undefined Weak Reference
    __Vectors_End                            0x000000c0   Data           0  startup_mkl46z4.o(RESET)
    __Vectors_Size                           0x000000c0   Number         0  startup_mkl46z4.o ABSOLUTE
    __main                                   0x000000c1   Thumb Code     8  __main.o(!!!main)
    __scatterload                            0x000000c9   Thumb Code     0  __scatter.o(!!!scatter)
    __scatterload_rt2                        0x000000c9   Thumb Code    52  __scatter.o(!!!scatter)
    __scatterload_rt2_thumb_only             0x000000c9   Thumb Code     0  __scatter.o(!!!scatter)
    __scatterload_null                       0x000000d9   Thumb Code     0  __scatter.o(!!!scatter)
    __scatterload_zeroinit                   0x00000105   Thumb Code    28  __scatter_zi.o(!!handler_zi)
    __rt_lib_init                            0x00000121   Thumb Code     0  libinit.o(.ARM.Collect$$libinit$$00000000)
    __rt_lib_init_alloca_1                   0x00000123   Thumb Code     0  libinit2.o(.ARM.Collect$$libinit$$0000002E)
    __rt_lib_init_argv_1                     0x00000123   Thumb Code     0  libinit2.o(.ARM.Collect$$libinit$$0000002C)
    __rt_lib_init_atexit_1                   0x00000123   Thumb Code     0  libinit2.o(.ARM.Collect$$libinit$$0000001B)
    __rt_lib_init_clock_1                    0x00000123   Thumb Code     0  libinit2.o(.ARM.Collect$$libinit$$00000021)
    __rt_lib_init_cpp_1                      0x00000123   Thumb Code     0  libinit2.o(.ARM.Collect$$libinit$$00000032)
    __rt_lib_init_exceptions_1               0x00000123   Thumb Code     0  libinit2.o(.ARM.Collect$$libinit$$00000030)
    __rt_lib_init_fp_1                       0x00000123   Thumb Code     0  libinit2.o(.ARM.Collect$$libinit$$00000002)
    __rt_lib_init_fp_trap_1                  0x00000123   Thumb Code     0  libinit2.o(.ARM.Collect$$libinit$$0000001F)
    __rt_lib_init_getenv_1                   0x00000123   Thumb Code     0  libinit2.o(.ARM.Collect$$libinit$$00000023)
    __rt_lib_init_heap_1                     0x00000123   Thumb Code     0  libinit2.o(.ARM.Collect$$libinit$$0000000A)
    __rt_lib_init_lc_collate_1               0x00000123   Thumb Code     0  libinit2.o(.ARM.Collect$$libinit$$00000011)
    __rt_lib_init_lc_ctype_1                 0x00000123   Thumb Code     0  libinit2.o(.ARM.Collect$$libinit$$00000013)
    __rt_lib_init_lc_monetary_1              0x00000123   Thumb Code     0  libinit2.o(.ARM.Collect$$libinit$$00000015)
    __rt_lib_init_lc_numeric_1               0x00000123   Thumb Code     0  libinit2.o(.ARM.Collect$$libinit$$00000017)
    __rt_lib_init_lc_time_1                  0x00000123   Thumb Code     0  libinit2.o(.ARM.Collect$$libinit$$00000019)
    __rt_lib_init_preinit_1                  0x00000123   Thumb Code     0  libinit2.o(.ARM.Collect$$libinit$$00000004)
    __rt_lib_init_rand_1                     0x00000123   Thumb Code     0  libinit2.o(.ARM.Collect$$libinit$$0000000E)
    __rt_lib_init_return                     0x00000123   Thumb Code     0  libinit2.o(.ARM.Collect$$libinit$$00000033)
    __rt_lib_init_signal_1                   0x00000123   Thumb Code     0  libinit2.o(.ARM.Collect$$libinit$$0000001D)
    __rt_lib_init_stdio_1                    0x00000123   Thumb Code     0  libinit2.o(.ARM.Collect$$libinit$$00000025)
    __rt_lib_init_user_alloc_1               0x00000123   Thumb Code     0  libinit2.o(.ARM.Collect$$libinit$$0000000C)
    __rt_lib_shutdown                        0x00000125   Thumb Code     0  libshutdown.o(.ARM.Collect$$libshutdown$$00000000)
    __rt_lib_shutdown_cpp_1                  0x00000127   Thumb Code     0  libshutdown2.o(.ARM.Collect$$libshutdown$$00000002)
    __rt_lib_shutdown_fp_trap_1              0x00000127   Thumb Code     0  libshutdown2.o(.ARM.Collect$$libshutdown$$00000007)
    __rt_lib_shutdown_heap_1                 0x00000127   Thumb Code     0  libshutdown2.o(.ARM.Collect$$libshutdown$$0000000F)
    __rt_lib_shutdown_return                 0x00000127   Thumb Code     0  libshutdown2.o(.ARM.Collect$$libshutdown$$00000010)
    __rt_lib_shutdown_signal_1               0x00000127   Thumb Code     0  libshutdown2.o(.ARM.Collect$$libshutdown$$0000000A)
    __rt_lib_shutdown_stdio_1                0x00000127   Thumb Code     0  libshutdown2.o(.ARM.Collect$$libshutdown$$00000004)
    __rt_lib_shutdown_user_alloc_1           0x00000127   Thumb Code     0  libshutdown2.o(.ARM.Collect$$libshutdown$$0000000C)
    __rt_entry                               0x00000129   Thumb Code     0  __rtentry.o(.ARM.Collect$$rtentry$$00000000)
    __rt_entry_presh_1                       0x00000129   Thumb Code     0  __rtentry2.o(.ARM.Collect$$rtentry$$00000002)
    __rt_entry_sh                            0x00000129   Thumb Code     0  __rtentry4.o(.ARM.Collect$$rtentry$$00000004)
    __rt_entry_li                            0x0000012f   Thumb Code     0  __rtentry2.o(.ARM.Collect$$rtentry$$0000000A)
    __rt_entry_postsh_1                      0x0000012f   Thumb Code     0  __rtentry2.o(.ARM.Collect$$rtentry$$00000009)
    __rt_entry_main                          0x00000133   Thumb Code     0  __rtentry2.o(.ARM.Collect$$rtentry$$0000000D)
    __rt_entry_postli_1                      0x00000133   Thumb Code     0  __rtentry2.o(.ARM.Collect$$rtentry$$0000000C)
    __rt_exit                                0x0000013b   Thumb Code     0  rtexit.o(.ARM.Collect$$rtexit$$00000000)
    __rt_exit_ls                             0x0000013d   Thumb Code     0  rtexit2.o(.ARM.Collect$$rtexit$$00000003)
    __rt_exit_prels_1                        0x0000013d   Thumb Code     0  rtexit2.o(.ARM.Collect$$rtexit$$00000002)
    __rt_exit_exit                           0x00000141   Thumb Code     0  rtexit2.o(.ARM.Collect$$rtexit$$00000004)
    Reset_Handler                            0x00000149   Thumb Code     8  startup_mkl46z4.o(.text)
    NMI_Handler                              0x00000151   Thumb Code     2  startup_mkl46z4.o(.text)
    HardFault_Handler                        0x00000153   Thumb Code     2  startup_mkl46z4.o(.text)
    SVC_Handler                              0x00000155   Thumb Code     2  startup_mkl46z4.o(.text)
    PendSV_Handler                           0x00000157   Thumb Code     2  startup_mkl46z4.o(.text)
    SysTick_Handler                          0x00000159   Thumb Code     2  startup_mkl46z4.o(.text)
    ADC0_IRQHandler                          0x0000015b   Thumb Code     0  startup_mkl46z4.o(.text)
    CMP0_IRQHandler                          0x0000015b   Thumb Code     0  startup_mkl46z4.o(.text)
    DAC0_IRQHandler                          0x0000015b   Thumb Code     0  startup_mkl46z4.o(.text)
    DMA0_IRQHandler                          0x0000015b   Thumb Code     0  startup_mkl46z4.o(.text)
    DMA1_IRQHandler                          0x0000015b   Thumb Code     0  startup_mkl46z4.o(.text)
    DMA2_IRQHandler                          0x0000015b   Thumb Code     0  startup_mkl46z4.o(.text)
    DMA3_IRQHandler                          0x0000015b   Thumb Code     0  startup_mkl46z4.o(.text)
    DefaultISR                               0x0000015b   Thumb Code     0  startup_mkl46z4.o(.text)
    FTFA_IRQHandler                          0x0000015b   Thumb Code     0  startup_mkl46z4.o(.text)
    I2C0_IRQHandler                          0x0000015b   Thumb Code     0  startup_mkl46z4.o(.text)
    I2C1_IRQHandler                          0x0000015b   Thumb Code     0  startup_mkl46z4.o(.text)
    I2S0_IRQHandler                          0x0000015b   Thumb Code     0  startup_mkl46z4.o(.text)
    LCD_IRQHandler                           0x0000015b   Thumb Code     0  startup_mkl46z4.o(.text)
    LLW_IRQHandler                           0x0000015b   Thumb Code     0  startup_mkl46z4.o(.text)
    LPTimer_IRQHandler                       0x0000015b   Thumb Code     0  startup_mkl46z4.o(.text)
    LVD_LVW_IRQHandler                       0x0000015b   Thumb Code     0  startup_mkl46z4.o(.text)
    MCG_IRQHandler                           0x0000015b   Thumb Code     0  startup_mkl46z4.o(.text)
    PIT_IRQHandler                           0x0000015b   Thumb Code     0  startup_mkl46z4.o(.text)
    PORTA_IRQHandler                         0x0000015b   Thumb Code     0  startup_mkl46z4.o(.text)
    PORTC_PORTD_IRQHandler                   0x0000015b   Thumb Code     0  startup_mkl46z4.o(.text)
    RTC_IRQHandler                           0x0000015b   Thumb Code     0  startup_mkl46z4.o(.text)
    RTC_Seconds_IRQHandler                   0x0000015b   Thumb Code     0  startup_mkl46z4.o(.text)
    Reserved20_IRQHandler                    0x0000015b   Thumb Code     0  startup_mkl46z4.o(.text)
    SPI0_IRQHandler                          0x0000015b   Thumb Code     0  startup_mkl46z4.o(.text)
    SPI1_IRQHandler                          0x0000015b   Thumb Code     0  startup_mkl46z4.o(.text)
    TPM0_IRQHandler                          0x0000015b   Thumb Code     0  startup_mkl46z4.o(.text)
    TPM1_IRQHandler                          0x0000015b   Thumb Code     0  startup_mkl46z4.o(.text)
    TPM2_IRQHandler                          0x0000015b   Thumb Code     0  startup_mkl46z4.o(.text)
    TSI0_IRQHandler                          0x0000015b   Thumb Code     0  startup_mkl46z4.o(.text)
    UART0_IRQHandler                         0x0000015b   Thumb Code     0  startup_mkl46z4.o(.text)
    UART1_IRQHandler                         0x0000015b   Thumb Code     0  startup_mkl46z4.o(.text)
    UART2_IRQHandler                         0x0000015b   Thumb Code     0  startup_mkl46z4.o(.text)
    USB0_IRQHandler                          0x0000015b   Thumb Code     0  startup_mkl46z4.o(.text)
    __user_initial_stackheap                 0x0000015d   Thumb Code     0  startup_mkl46z4.o(.text)
    __aeabi_uidiv                            0x0000017d   Thumb Code     0  aeabi_sdiv.o(.text)
    __aeabi_uidivmod                         0x0000017d   Thumb Code    20  aeabi_sdiv.o(.text)
    __aeabi_idiv                             0x00000191   Thumb Code     0  aeabi_sdiv.o(.text)
    __aeabi_idivmod                          0x00000191   Thumb Code   326  aeabi_sdiv.o(.text)
    __use_two_region_memory                  0x000002d7   Thumb Code     2  heapauxi.o(.text)
    __rt_heap_escrow$2region                 0x000002d9   Thumb Code     2  heapauxi.o(.text)
    __rt_heap_expand$2region                 0x000002db   Thumb Code     2  heapauxi.o(.text)
    __user_setup_stackheap                   0x000002dd   Thumb Code    62  sys_stackheap_outer.o(.text)
    exit                                     0x0000031b   Thumb Code    16  exit.o(.text)
    __user_libspace                          0x0000032d   Thumb Code     8  libspace.o(.text)
    __user_perproc_libspace                  0x0000032d   Thumb Code     0  libspace.o(.text)
    __user_perthread_libspace                0x0000032d   Thumb Code     0  libspace.o(.text)
    _sys_exit                                0x00000335   Thumb Code     8  sys_exit.o(.text)
    __I$use$semihosting                      0x00000341   Thumb Code     0  use_no_semi.o(.text)
    __use_no_semihosting_swi                 0x00000341   Thumb Code     2  use_no_semi.o(.text)
    i2c::clearIICIF()                        0x00000343   Thumb Code    14  i2c.o(i._ZN3i2c10clearIICIFEv)
    __semihosting_library_function           0x00000343   Thumb Code     0  indicate_semi.o(.text)
    i2c::init()                              0x00000351   Thumb Code   114  i2c.o(i._ZN3i2c4initEv)
    i2c::start()                             0x000003d1   Thumb Code    14  i2c.o(i._ZN3i2c5startEv)
    i2c::enable()                            0x000003df   Thumb Code    14  i2c.o(i._ZN3i2c6enableEv)
    i2c::disable()                           0x000003ed   Thumb Code    14  i2c.o(i._ZN3i2c7disableEv)
    i2c::i2c(I2C_Type*)                      0x000003fb   Thumb Code     4  i2c.o(i._ZN3i2cC1EP8I2C_Type)
    i2c::i2c__sub_object(I2C_Type*)          0x000003fb   Thumb Code     0  i2c.o(i._ZN3i2cC1EP8I2C_Type)
    slcd::slcd()                             0x000003ff   Thumb Code     2  slcd.o(i._ZN4slcdC1Ev)
    slcd::slcd__sub_object()                 0x000003ff   Thumb Code     0  slcd.o(i._ZN4slcdC1Ev)
    SystemInit                               0x00000411   Thumb Code   180  system_mkl46z4.o(i.SystemInit)
    i2c::stop()                              0x000004e1   Thumb Code    52  i2c.o(i._ZN3i2c4stopEv)
    i2c::restart()                           0x00000515   Thumb Code    14  i2c.o(i._ZN3i2c7restartEv)
    i2c::sendACK()                           0x00000523   Thumb Code    14  i2c.o(i._ZN3i2c7sendACKEv)
    i2c::readByte(unsigned char*)            0x00000531   Thumb Code    52  i2c.o(i._ZN3i2c8readByteEPh)
    i2c::selectRX()                          0x00000565   Thumb Code    14  i2c.o(i._ZN3i2c8selectRXEv)
    i2c::selectTX()                          0x00000573   Thumb Code    14  i2c.o(i._ZN3i2c8selectTXEv)
    i2c::sendNACK()                          0x00000581   Thumb Code    14  i2c.o(i._ZN3i2c8sendNACKEv)
    i2c::writeByte(unsigned char)            0x0000058f   Thumb Code    38  i2c.o(i._ZN3i2c9writeByteEh)
    slcd::Initialize()                       0x000005b5   Thumb Code   154  slcd.o(i._ZN4slcd10InitializeEv)
    slcd::Err(unsigned char)                 0x00000681   Thumb Code   182  slcd.o(i._ZN4slcd3ErrEh)
    slcd::Set(unsigned char, unsigned char)  0x00000741   Thumb Code  1046  slcd.o(i._ZN4slcd3SetEhh)
    slcd::Display(unsigned short, unsigned short) 0x00000b57   Thumb Code   126  slcd.o(i._ZN4slcd7DisplayEtt)
    MPU6050::setRegister(unsigned char, unsigned char) 0x00000bd5   Thumb Code    58  mpu6050.o(i._ZN7MPU605011setRegisterEhh)
    MPU6050::readRawAccelZ()                 0x00000c0f   Thumb Code    16  mpu6050.o(i._ZN7MPU605013readRawAccelZEv)
    MPU6050::Init()                          0x00000c1f   Thumb Code    16  mpu6050.o(i._ZN7MPU60504InitEv)
    MPU6050::readHL(unsigned char)           0x00000c2f   Thumb Code   102  mpu6050.o(i._ZN7MPU60506readHLEh)
    MPU6050::MPU6050()                       0x00000c95   Thumb Code    24  mpu6050.o(i._ZN7MPU6050C1Ev)
    MPU6050::MPU6050__sub_object()           0x00000c95   Thumb Code     0  mpu6050.o(i._ZN7MPU6050C1Ev)
    __ARM_common_switch8                     0x00000cb1   Thumb Code    28  slcd.o(i.__ARM_common_switch8)
    main                                     0x00000ccd   Thumb Code    70  main.o(i.main)
    slcd::LCD_Front_Pin                      0x00000d12   Data           8  slcd.o(.constdata)
    Region$$Table$$Base                      0x00000d1c   Number         0  anon$$obj.o(Region$$Table)
    Region$$Table$$Limit                     0x00000d2c   Number         0  anon$$obj.o(Region$$Table)
    __libspace_start                         0x1fffe000   Data          96  libspace.o(.bss)
    __temporary_stack_top$libspace           0x1fffe060   Data           0  libspace.o(.bss)



==============================================================================

Memory Map of the image

  Image Entry point : 0x00000149

  Load Region LR_1 (Base: 0x00000000, Size: 0x00000d2c, Max: 0xffffffff, ABSOLUTE)

    Execution Region ER_RO (Base: 0x00000000, Size: 0x00000d2c, Max: 0xffffffff, ABSOLUTE)

    Base Addr    Size         Type   Attr      Idx    E Section Name        Object

    0x00000000   0x000000c0   Data   RO          297    RESET               startup_mkl46z4.o
    0x000000c0   0x00000008   Code   RO          364  * !!!main             c_p.l(__main.o)
    0x000000c8   0x0000003c   Code   RO          533    !!!scatter          c_p.l(__scatter.o)
    0x00000104   0x0000001c   Code   RO          535    !!handler_zi        c_p.l(__scatter_zi.o)
    0x00000120   0x00000002   Code   RO          402    .ARM.Collect$$libinit$$00000000  c_p.l(libinit.o)
    0x00000122   0x00000000   Code   RO          416    .ARM.Collect$$libinit$$00000002  c_p.l(libinit2.o)
    0x00000122   0x00000000   Code   RO          418    .ARM.Collect$$libinit$$00000004  c_p.l(libinit2.o)
    0x00000122   0x00000000   Code   RO          421    .ARM.Collect$$libinit$$0000000A  c_p.l(libinit2.o)
    0x00000122   0x00000000   Code   RO          423    .ARM.Collect$$libinit$$0000000C  c_p.l(libinit2.o)
    0x00000122   0x00000000   Code   RO          425    .ARM.Collect$$libinit$$0000000E  c_p.l(libinit2.o)
    0x00000122   0x00000000   Code   RO          428    .ARM.Collect$$libinit$$00000011  c_p.l(libinit2.o)
    0x00000122   0x00000000   Code   RO          430    .ARM.Collect$$libinit$$00000013  c_p.l(libinit2.o)
    0x00000122   0x00000000   Code   RO          432    .ARM.Collect$$libinit$$00000015  c_p.l(libinit2.o)
    0x00000122   0x00000000   Code   RO          434    .ARM.Collect$$libinit$$00000017  c_p.l(libinit2.o)
    0x00000122   0x00000000   Code   RO          436    .ARM.Collect$$libinit$$00000019  c_p.l(libinit2.o)
    0x00000122   0x00000000   Code   RO          438    .ARM.Collect$$libinit$$0000001B  c_p.l(libinit2.o)
    0x00000122   0x00000000   Code   RO          440    .ARM.Collect$$libinit$$0000001D  c_p.l(libinit2.o)
    0x00000122   0x00000000   Code   RO          442    .ARM.Collect$$libinit$$0000001F  c_p.l(libinit2.o)
    0x00000122   0x00000000   Code   RO          444    .ARM.Collect$$libinit$$00000021  c_p.l(libinit2.o)
    0x00000122   0x00000000   Code   RO          446    .ARM.Collect$$libinit$$00000023  c_p.l(libinit2.o)
    0x00000122   0x00000000   Code   RO          448    .ARM.Collect$$libinit$$00000025  c_p.l(libinit2.o)
    0x00000122   0x00000000   Code   RO          452    .ARM.Collect$$libinit$$0000002C  c_p.l(libinit2.o)
    0x00000122   0x00000000   Code   RO          454    .ARM.Collect$$libinit$$0000002E  c_p.l(libinit2.o)
    0x00000122   0x00000000   Code   RO          456    .ARM.Collect$$libinit$$00000030  c_p.l(libinit2.o)
    0x00000122   0x00000000   Code   RO          458    .ARM.Collect$$libinit$$00000032  c_p.l(libinit2.o)
    0x00000122   0x00000002   Code   RO          459    .ARM.Collect$$libinit$$00000033  c_p.l(libinit2.o)
    0x00000124   0x00000002   Code   RO          490    .ARM.Collect$$libshutdown$$00000000  c_p.l(libshutdown.o)
    0x00000126   0x00000000   Code   RO          516    .ARM.Collect$$libshutdown$$00000002  c_p.l(libshutdown2.o)
    0x00000126   0x00000000   Code   RO          518    .ARM.Collect$$libshutdown$$00000004  c_p.l(libshutdown2.o)
    0x00000126   0x00000000   Code   RO          521    .ARM.Collect$$libshutdown$$00000007  c_p.l(libshutdown2.o)
    0x00000126   0x00000000   Code   RO          524    .ARM.Collect$$libshutdown$$0000000A  c_p.l(libshutdown2.o)
    0x00000126   0x00000000   Code   RO          526    .ARM.Collect$$libshutdown$$0000000C  c_p.l(libshutdown2.o)
    0x00000126   0x00000000   Code   RO          529    .ARM.Collect$$libshutdown$$0000000F  c_p.l(libshutdown2.o)
    0x00000126   0x00000002   Code   RO          530    .ARM.Collect$$libshutdown$$00000010  c_p.l(libshutdown2.o)
    0x00000128   0x00000000   Code   RO          366    .ARM.Collect$$rtentry$$00000000  c_p.l(__rtentry.o)
    0x00000128   0x00000000   Code   RO          372    .ARM.Collect$$rtentry$$00000002  c_p.l(__rtentry2.o)
    0x00000128   0x00000006   Code   RO          384    .ARM.Collect$$rtentry$$00000004  c_p.l(__rtentry4.o)
    0x0000012e   0x00000000   Code   RO          374    .ARM.Collect$$rtentry$$00000009  c_p.l(__rtentry2.o)
    0x0000012e   0x00000004   Code   RO          375    .ARM.Collect$$rtentry$$0000000A  c_p.l(__rtentry2.o)
    0x00000132   0x00000000   Code   RO          377    .ARM.Collect$$rtentry$$0000000C  c_p.l(__rtentry2.o)
    0x00000132   0x00000008   Code   RO          378    .ARM.Collect$$rtentry$$0000000D  c_p.l(__rtentry2.o)
    0x0000013a   0x00000002   Code   RO          407    .ARM.Collect$$rtexit$$00000000  c_p.l(rtexit.o)
    0x0000013c   0x00000000   Code   RO          463    .ARM.Collect$$rtexit$$00000002  c_p.l(rtexit2.o)
    0x0000013c   0x00000004   Code   RO          464    .ARM.Collect$$rtexit$$00000003  c_p.l(rtexit2.o)
    0x00000140   0x00000006   Code   RO          465    .ARM.Collect$$rtexit$$00000004  c_p.l(rtexit2.o)
    0x00000146   0x00000002   PAD
    0x00000148   0x00000034   Code   RO          299  * .text               startup_mkl46z4.o
    0x0000017c   0x0000015a   Code   RO          358    .text               c_p.l(aeabi_sdiv.o)
    0x000002d6   0x00000006   Code   RO          362    .text               c_p.l(heapauxi.o)
    0x000002dc   0x0000003e   Code   RO          388    .text               c_p.l(sys_stackheap_outer.o)
    0x0000031a   0x00000010   Code   RO          391    .text               c_p.l(exit.o)
    0x0000032a   0x00000002   PAD
    0x0000032c   0x00000008   Code   RO          403    .text               c_p.l(libspace.o)
    0x00000334   0x0000000c   Code   RO          460    .text               c_p.l(sys_exit.o)
    0x00000340   0x00000002   Code   RO          479    .text               c_p.l(use_no_semi.o)
    0x00000342   0x00000000   Code   RO          481    .text               c_p.l(indicate_semi.o)
    0x00000342   0x0000000e   Code   RO            3    i._ZN3i2c10clearIICIFEv  i2c.o
    0x00000350   0x00000080   Code   RO            4    i._ZN3i2c4initEv    i2c.o
    0x000003d0   0x0000000e   Code   RO            7    i._ZN3i2c5startEv   i2c.o
    0x000003de   0x0000000e   Code   RO            8    i._ZN3i2c6enableEv  i2c.o
    0x000003ec   0x0000000e   Code   RO            9    i._ZN3i2c7disableEv  i2c.o
    0x000003fa   0x00000004   Code   RO           17    i._ZN3i2cC1EP8I2C_Type  i2c.o
    0x000003fe   0x00000002   Code   RO          237    i._ZN4slcdC1Ev      slcd.o
    0x00000400   0x00000010   Code   RO          298    .ARM.__at_0x400     startup_mkl46z4.o
    0x00000410   0x000000d0   Code   RO          308    i.SystemInit        system_mkl46z4.o
    0x000004e0   0x00000034   Code   RO            5    i._ZN3i2c4stopEv    i2c.o
    0x00000514   0x0000000e   Code   RO           10    i._ZN3i2c7restartEv  i2c.o
    0x00000522   0x0000000e   Code   RO           11    i._ZN3i2c7sendACKEv  i2c.o
    0x00000530   0x00000034   Code   RO           12    i._ZN3i2c8readByteEPh  i2c.o
    0x00000564   0x0000000e   Code   RO           13    i._ZN3i2c8selectRXEv  i2c.o
    0x00000572   0x0000000e   Code   RO           14    i._ZN3i2c8selectTXEv  i2c.o
    0x00000580   0x0000000e   Code   RO           15    i._ZN3i2c8sendNACKEv  i2c.o
    0x0000058e   0x00000026   Code   RO           16    i._ZN3i2c9writeByteEh  i2c.o
    0x000005b4   0x000000cc   Code   RO          230    i._ZN4slcd10InitializeEv  slcd.o
    0x00000680   0x000000c0   Code   RO          232    i._ZN4slcd3ErrEh    slcd.o
    0x00000740   0x00000416   Code   RO          233    i._ZN4slcd3SetEhh   slcd.o
    0x00000b56   0x0000007e   Code   RO          235    i._ZN4slcd7DisplayEtt  slcd.o
    0x00000bd4   0x0000003a   Code   RO          186    i._ZN7MPU605011setRegisterEhh  mpu6050.o
    0x00000c0e   0x00000010   Code   RO          187    i._ZN7MPU605013readRawAccelZEv  mpu6050.o
    0x00000c1e   0x00000010   Code   RO          188    i._ZN7MPU60504InitEv  mpu6050.o
    0x00000c2e   0x00000066   Code   RO          189    i._ZN7MPU60506readHLEh  mpu6050.o
    0x00000c94   0x0000001c   Code   RO          190    i._ZN7MPU6050C1Ev   mpu6050.o
    0x00000cb0   0x0000001c   Code   RO          289    i.__ARM_common_switch8  slcd.o
    0x00000ccc   0x00000046   Code   RO          138    i.main              main.o
    0x00000d12   0x00000008   Data   RO          246    .constdata          slcd.o
    0x00000d1a   0x00000002   PAD
    0x00000d1c   0x00000010   Data   RO          531    Region$$Table       anon$$obj.o


    Execution Region ER_RW (Base: 0x1fffe000, Size: 0x00000000, Max: 0xffffffff, ABSOLUTE)

    **** No section assigned to this execution region ****


    Execution Region ER_ZI (Base: 0x1fffe000, Size: 0x00000160, Max: 0xffffffff, ABSOLUTE)

    Base Addr    Size         Type   Attr      Idx    E Section Name        Object

    0x1fffe000   0x00000060   Zero   RW          404    .bss                c_p.l(libspace.o)
    0x1fffe060   0x00000000   Zero   RW          296    HEAP                startup_mkl46z4.o
    0x1fffe060   0x00000100   Zero   RW          295    STACK               startup_mkl46z4.o


==============================================================================

Image component sizes


      Code (inc. data)   RO Data    RW Data    ZI Data      Debug   Object Name

       400         14          0          0          0     146592   i2c.o
        70          0          0          0          0       1735   main.o
       220          4          0          0          0       2276   mpu6050.o
      1598         94          8          0          0       2684   slcd.o
        68         38        192          0        256        808   startup_mkl46z4.o
       208         28          0          0          0       1949   system_mkl46z4.o

    ----------------------------------------------------------------------
      2564        178        218          0        256     156044   Object Totals
         0          0         16          0          0          0   (incl. Generated)
         0          0          2          0          0          0   (incl. Padding)

    ----------------------------------------------------------------------

      Code (inc. data)   RO Data    RW Data    ZI Data      Debug   Library Member Name

         8          0          0          0          0         68   __main.o
         0          0          0          0          0          0   __rtentry.o
        12          0          0          0          0          0   __rtentry2.o
         6          0          0          0          0          0   __rtentry4.o
        60          8          0          0          0          0   __scatter.o
        28          0          0          0          0          0   __scatter_zi.o
       346          0          0          0          0         92   aeabi_sdiv.o
        16          0          0          0          0         68   exit.o
         6          0          0          0          0        136   heapauxi.o
         0          0          0          0          0          0   indicate_semi.o
         2          0          0          0          0          0   libinit.o
         2          0          0          0          0          0   libinit2.o
         2          0          0          0          0          0   libshutdown.o
         2          0          0          0          0          0   libshutdown2.o
         8          4          0          0         96         68   libspace.o
         2          0          0          0          0          0   rtexit.o
        10          0          0          0          0          0   rtexit2.o
        12          4          0          0          0         60   sys_exit.o
        62          0          0          0          0         80   sys_stackheap_outer.o
         2          0          0          0          0         68   use_no_semi.o

    ----------------------------------------------------------------------
       590         16          0          0         96        640   Library Totals
         4          0          0          0          0          0   (incl. Padding)

    ----------------------------------------------------------------------

      Code (inc. data)   RO Data    RW Data    ZI Data      Debug   Library Name

       586         16          0          0         96        640   c_p.l

    ----------------------------------------------------------------------
       590         16          0          0         96        640   Library Totals

    ----------------------------------------------------------------------

==============================================================================


      Code (inc. data)   RO Data    RW Data    ZI Data      Debug   

      3154        194        218          0        352     155416   Grand Totals
      3154        194        218          0        352     155416   ELF Image Totals
      3154        194        218          0          0          0   ROM Totals

==============================================================================

    Total RO  Size (Code + RO Data)                 3372 (   3.29kB)
    Total RW  Size (RW Data + ZI Data)               352 (   0.34kB)
    Total ROM Size (Code + RO Data + RW Data)       3372 (   3.29kB)

==============================================================================

